/Users/tawanberkfah/Library/Python/3.9/lib/python/site-packages/urllib3/__init__.py:35: NotOpenSSLWarning: urllib3 v2 only supports OpenSSL 1.1.1+, currently the 'ssl' module is compiled with 'LibreSSL 2.8.3'. See: https://github.com/urllib3/urllib3/issues/3020
  warnings.warn(
⚖️ Krisdika Apps Ingestion (BACKWARDS) — Years 2025 to 1932
📅 Year 2025
Warning: You are sending unauthenticated requests to the HF Hub. Please set a HF_TOKEN to enable higher rate limits and faster downloads.
  ⚙️  Processing 2025-09...
    📄 Processed 10 documents...
    📄 Processed 20 documents...
  ✅ 2025-09: 252/252 chunks ingested
  ⚙️  Processing 2025-08...
    📄 Processed 10 documents...
  ✅ 2025-08: 46/46 chunks ingested
  ⚙️  Processing 2025-07...
  ✅ 2025-07: 120/120 chunks ingested
  ⚙️  Processing 2025-06...
    📄 Processed 10 documents...
    📄 Processed 20 documents...
  ✅ 2025-06: 123/123 chunks ingested
  ⚙️  Processing 2025-05...
    📄 Processed 10 documents...
    📄 Processed 20 documents...
  ✅ 2025-05: 113/113 chunks ingested
  ⚙️  Processing 2025-04...
    📄 Processed 10 documents...
    📄 Processed 20 documents...
  ✅ 2025-04: 203/203 chunks ingested
  ⚙️  Processing 2025-03...
    📄 Processed 10 documents...
    📄 Processed 20 documents...
  ✅ 2025-03: 175/175 chunks ingested
  ⚙️  Processing 2025-02...
    📄 Processed 10 documents...
  ✅ 2025-02: 85/85 chunks ingested
  ⚙️  Processing 2025-01...
  ✅ 2025-01: 14/14 chunks ingested
📅 Year 2024
  ⚙️  Processing 2024-12...
    📄 Processed 10 documents...
  ✅ 2024-12: 182/182 chunks ingested
  ⚙️  Processing 2024-11...
    📄 Processed 10 documents...
    📄 Processed 20 documents...
    📄 Processed 30 documents...
    📄 Processed 40 documents...
    📄 Processed 50 documents...
    📄 Processed 60 documents...
  ✅ 2024-11: 823/823 chunks ingested
  ⚙️  Processing 2024-10...
  ✅ 2024-10: 13/13 chunks ingested
  ⚙️  Processing 2024-09...
    📄 Processed 10 documents...
    📄 Processed 20 documents...
  ✅ 2024-09: 231/231 chunks ingested
  ⚙️  Processing 2024-08...
    📄 Processed 10 documents...
    📄 Processed 20 documents...
  ✅ 2024-08: 219/219 chunks ingested
  ⚙️  Processing 2024-07...
    📄 Processed 10 documents...
  ✅ 2024-07: 39/39 chunks ingested
  ⚙️  Processing 2024-06...
    📄 Processed 10 documents...
    📄 Processed 20 documents...
  ✅ 2024-06: 115/115 chunks ingested
  ⚙️  Processing 2024-05...
    📄 Processed 10 documents...
  ✅ 2024-05: 33/33 chunks ingested
  ⚙️  Processing 2024-04...
    📄 Processed 10 documents...
    📄 Processed 20 documents...
    📄 Processed 30 documents...
  ✅ 2024-04: 113/113 chunks ingested
  ⚙️  Processing 2024-03...
    📄 Processed 10 documents...
    📄 Processed 20 documents...
    📄 Processed 30 documents...
  ✅ 2024-03: 202/202 chunks ingested
  ⚙️  Processing 2024-02...
    📄 Processed 10 documents...
  ✅ 2024-02: 87/87 chunks ingested
  ⚙️  Processing 2024-01...
    📄 Processed 10 documents...
  ✅ 2024-01: 47/47 chunks ingested
📅 Year 2023
  ⚙️  Processing 2023-12...
    📄 Processed 10 documents...
    📄 Processed 20 documents...
  ✅ 2023-12: 37/37 chunks ingested
  ⚙️  Processing 2023-11...
    📄 Processed 10 documents...
    📄 Processed 20 documents...
    📄 Processed 30 documents...
    📄 Processed 40 documents...
    📄 Processed 50 documents...
    📄 Processed 60 documents...
  ✅ 2023-11: 68/68 chunks ingested
  ⚙️  Processing 2023-10...
    📄 Processed 10 documents...
    📄 Processed 20 documents...
    📄 Processed 30 documents...
    📄 Processed 40 documents...
    📄 Processed 50 documents...
    📄 Processed 60 documents...
  ✅ 2023-10: 70/70 chunks ingested
  ⚙️  Processing 2023-09...
    📄 Processed 10 documents...
  ✅ 2023-09: 64/64 chunks ingested
  ⚙️  Processing 2023-08...
    📄 Processed 10 documents...
    📄 Processed 20 documents...
    📄 Processed 30 documents...
    📄 Processed 40 documents...
  ✅ 2023-08: 362/362 chunks ingested
  ⚙️  Processing 2023-07...
    📄 Processed 10 documents...
  ✅ 2023-07: 59/59 chunks ingested
  ⚙️  Processing 2023-06...
    📄 Processed 10 documents...
    📄 Processed 20 documents...
  ✅ 2023-06: 118/118 chunks ingested
  ⚙️  Processing 2023-05...
    📄 Processed 10 documents...
  ✅ 2023-05: 29/29 chunks ingested
  ⚙️  Processing 2023-04...
  ✅ 2023-04: 14/14 chunks ingested
  ⚙️  Processing 2023-03...
    📄 Processed 10 documents...
    📄 Processed 20 documents...
  ✅ 2023-03: 282/282 chunks ingested
  ⚙️  Processing 2023-02...
    📄 Processed 10 documents...
  ✅ 2023-02: 92/92 chunks ingested
  ⚙️  Processing 2023-01...
    📄 Processed 10 documents...
  ✅ 2023-01: 130/130 chunks ingested
📅 Year 2022
  ⚙️  Processing 2022-12...
    📄 Processed 10 documents...
    📄 Processed 20 documents...
    📄 Processed 30 documents...
    📄 Processed 40 documents...
  ✅ 2022-12: 209/209 chunks ingested
  ⚙️  Processing 2022-11...
    📄 Processed 10 documents...
    📄 Processed 20 documents...
    📄 Processed 30 documents...
  ✅ 2022-11: 130/130 chunks ingested
  ⚙️  Processing 2022-10...
    📄 Processed 10 documents...
    📄 Processed 20 documents...
    📄 Processed 30 documents...
  ✅ 2022-10: 519/519 chunks ingested
  ⚙️  Processing 2022-09...
    📄 Processed 10 documents...
    📄 Processed 20 documents...
    📄 Processed 30 documents...
  ✅ 2022-09: 209/209 chunks ingested
  ⚙️  Processing 2022-08...
    📄 Processed 10 documents...
    📄 Processed 20 documents...
    📄 Processed 30 documents...
  ✅ 2022-08: 291/291 chunks ingested
  ⚙️  Processing 2022-07...
    📄 Processed 10 documents...
    📄 Processed 20 documents...
    📄 Processed 30 documents...
  ✅ 2022-07: 231/231 chunks ingested
  ⚙️  Processing 2022-06...
    📄 Processed 10 documents...
    📄 Processed 20 documents...
  ✅ 2022-06: 113/113 chunks ingested
  ⚙️  Processing 2022-05...
    📄 Processed 10 documents...
    📄 Processed 20 documents...
    📄 Processed 30 documents...
  ✅ 2022-05: 293/293 chunks ingested
  ⚙️  Processing 2022-04...
    📄 Processed 10 documents...
    📄 Processed 20 documents...
  ✅ 2022-04: 160/160 chunks ingested
  ⚙️  Processing 2022-03...
    📄 Processed 10 documents...
  ✅ 2022-03: 122/122 chunks ingested
  ⚙️  Processing 2022-02...
    📄 Processed 10 documents...
  ✅ 2022-02: 86/86 chunks ingested
  ⚙️  Processing 2022-01...
    📄 Processed 10 documents...
  ✅ 2022-01: 53/53 chunks ingested
📅 Year 2021
  ⚙️  Processing 2021-12...
    📄 Processed 10 documents...
    📄 Processed 20 documents...
    📄 Processed 30 documents...
    📄 Processed 40 documents...
    📄 Processed 50 documents...
  ✅ 2021-12: 305/305 chunks ingested
  ⚙️  Processing 2021-11...
    📄 Processed 10 documents...
    📄 Processed 20 documents...
    📄 Processed 30 documents...
  ✅ 2021-11: 509/509 chunks ingested
  ⚙️  Processing 2021-10...
  ✅ 2021-10: 37/37 chunks ingested
  ⚙️  Processing 2021-09...
    📄 Processed 10 documents...
  ✅ 2021-09: 182/182 chunks ingested
  ⚙️  Processing 2021-08...
    📄 Processed 10 documents...
  ✅ 2021-08: 149/149 chunks ingested
  ⚙️  Processing 2021-07...
    📄 Processed 10 documents...
    📄 Processed 20 documents...
    📄 Processed 30 documents...
  ✅ 2021-07: 292/292 chunks ingested
  ⚙️  Processing 2021-06...
    📄 Processed 10 documents...
  ✅ 2021-06: 103/103 chunks ingested
  ⚙️  Processing 2021-05...
    📄 Processed 10 documents...
    📄 Processed 20 documents...
    📄 Processed 30 documents...
  ✅ 2021-05: 243/243 chunks ingested
  ⚙️  Processing 2021-04...
    📄 Processed 10 documents...
  ✅ 2021-04: 83/83 chunks ingested
  ⚙️  Processing 2021-03...
    📄 Processed 10 documents...
    📄 Processed 20 documents...
  ✅ 2021-03: 262/262 chunks ingested
  ⚙️  Processing 2021-02...
    📄 Processed 10 documents...
  ✅ 2021-02: 65/65 chunks ingested
  ⚙️  Processing 2021-01...
    📄 Processed 10 documents...
  ✅ 2021-01: 46/46 chunks ingested
📅 Year 2020
  ⚙️  Processing 2020-12...
  ✅ 2020-12: 10/10 chunks ingested
  ⚙️  Processing 2020-11...
  ✅ 2020-11: 30/30 chunks ingested
  ⚙️  Processing 2020-10...
  ✅ 2020-10: 39/39 chunks ingested
  ⚙️  Processing 2020-09...
  ✅ 2020-09: 55/55 chunks ingested
  ⚙️  Processing 2020-08...
    📄 Processed 10 documents...
    📄 Processed 20 documents...
  ✅ 2020-08: 269/269 chunks ingested
  ⚙️  Processing 2020-07...
  ✅ 2020-07: 140/140 chunks ingested
  ⚙️  Processing 2020-06...
  ✅ 2020-06: 65/65 chunks ingested
  ⚙️  Processing 2020-05...
  ✅ 2020-05: 5/5 chunks ingested
  ⚙️  Processing 2020-04...
  ✅ 2020-04: 89/89 chunks ingested
  ⚙️  Processing 2020-03...
  ✅ 2020-03: 45/45 chunks ingested
  ⚙️  Processing 2020-02...
  ✅ 2020-02: 17/17 chunks ingested
  ⚙️  Processing 2020-01...
  ✅ 2020-01: 105/105 chunks ingested
📅 Year 2019
  ⚙️  Processing 2019-12...
    📄 Processed 10 documents...
  ✅ 2019-12: 60/60 chunks ingested
  ⚙️  Processing 2019-11...
    📄 Processed 10 documents...
  ✅ 2019-11: 35/35 chunks ingested
  ⚙️  Processing 2019-10...
  ✅ 2019-10: 1/1 chunks ingested
  ⚙️  Processing 2019-09...
  ✅ 2019-09: 9/9 chunks ingested
  ⚙️  Processing 2019-08...
  ✅ 2019-08: 15/15 chunks ingested
  ⚙️  Processing 2019-07...
    📄 Processed 10 documents...
  ✅ 2019-07: 52/52 chunks ingested
  ⚙️  Processing 2019-06...
  ✅ 2019-06: 1/1 chunks ingested
  ⚙️  Processing 2019-05...
    📄 Processed 10 documents...
    📄 Processed 20 documents...
    📄 Processed 30 documents...
    📄 Processed 40 documents...
    📄 Processed 50 documents...
    📄 Processed 60 documents...
  ✅ 2019-05: 2645/2645 chunks ingested
  ⚙️  Processing 2019-04...
    📄 Processed 10 documents...
    📄 Processed 20 documents...
    📄 Processed 30 documents...
    📄 Processed 40 documents...
    📄 Processed 50 documents...
    📄 Processed 60 documents...
  ✅ 2019-04: 1888/1888 chunks ingested
  ⚙️  Processing 2019-03...
    📄 Processed 10 documents...
  ✅ 2019-03: 424/424 chunks ingested
  ⚙️  Processing 2019-02...
    📄 Processed 10 documents...
  ✅ 2019-02: 119/119 chunks ingested
  ⚙️  Processing 2019-01...
  ✅ 2019-01: 12/12 chunks ingested
📅 Year 2018
  ⚙️  Processing 2018-12...
    📄 Processed 10 documents...
  ✅ 2018-12: 172/172 chunks ingested
  ⚙️  Processing 2018-11...
    📄 Processed 10 documents...
  ✅ 2018-11: 221/221 chunks ingested
  ⚙️  Processing 2018-10...
  ✅ 2018-10: 47/47 chunks ingested
  ⚙️  Processing 2018-09...
  ✅ 2018-09: 365/365 chunks ingested
  ⚙️  Processing 2018-08...
  ✅ 2018-08: 105/105 chunks ingested
  ⚙️  Processing 2018-07...
    📄 Processed 10 documents...
  ✅ 2018-07: 763/763 chunks ingested
  ⚙️  Processing 2018-06...
  ✅ 2018-06: 59/59 chunks ingested
  ⚙️  Processing 2018-05...
  ✅ 2018-05: 348/348 chunks ingested
  ⚙️  Processing 2018-04...
  ✅ 2018-04: 98/98 chunks ingested
  ⚙️  Processing 2018-03...
    📄 Processed 10 documents...
  ✅ 2018-03: 264/264 chunks ingested
  ⚙️  Processing 2018-02...
    📄 Processed 10 documents...
  ✅ 2018-02: 149/149 chunks ingested
  ⚙️  Processing 2018-01...
  ✅ 2018-01: 15/15 chunks ingested
📅 Year 2017
  ⚙️  Processing 2017-12...
    📄 Processed 10 documents...
  ✅ 2017-12: 194/194 chunks ingested
  ⚙️  Processing 2017-11...
  ✅ 2017-11: 17/17 chunks ingested
  ⚙️  Processing 2017-10...
    📄 Processed 10 documents...
  ✅ 2017-10: 612/612 chunks ingested
  ⚙️  Processing 2017-09...
    📄 Processed 10 documents...
    📄 Processed 20 documents...
  ✅ 2017-09: 502/502 chunks ingested
  ⚙️  Processing 2017-08...
    📄 Processed 10 documents...
  ✅ 2017-08: 48/48 chunks ingested
  ⚙️  Processing 2017-07...
    📄 Processed 10 documents...
  ✅ 2017-07: 409/409 chunks ingested
  ⚙️  Processing 2017-06...
    📄 Processed 10 documents...
  ✅ 2017-06: 465/465 chunks ingested
  ⚙️  Processing 2017-05...
    📄 Processed 10 documents...
  ✅ 2017-05: 306/306 chunks ingested
  ⚙️  Processing 2017-04...
    📄 Processed 10 documents...
  ✅ 2017-04: 829/829 chunks ingested
  ⚙️  Processing 2017-03...
    📄 Processed 10 documents...
  ✅ 2017-03: 551/551 chunks ingested
  ⚙️  Processing 2017-02...
  ✅ 2017-02: 281/281 chunks ingested
  ⚙️  Processing 2017-01...
    📄 Processed 10 documents...
  ✅ 2017-01: 311/311 chunks ingested
📅 Year 2016
  ⚙️  Processing 2016-12...
    📄 Processed 10 documents...
  ✅ 2016-12: 329/329 chunks ingested
  ⚙️  Processing 2016-11...
  ✅ 2016-11: 64/64 chunks ingested
  ⚙️  Processing 2016-10...
  ✅ 2016-10: 79/79 chunks ingested
  ⚙️  Processing 2016-09...
    📄 Processed 10 documents...
  ✅ 2016-09: 218/218 chunks ingested
  ⚙️  Processing 2016-08...
    📄 Processed 10 documents...
  ✅ 2016-08: 369/369 chunks ingested
  ⚙️  Processing 2016-07...
  ✅ 2016-07: 103/103 chunks ingested
  ⚙️  Processing 2016-06...
  ✅ 2016-06: 293/293 chunks ingested
  ⚙️  Processing 2016-05...
  ✅ 2016-05: 124/124 chunks ingested
  ⚙️  Processing 2016-04...
    📄 Processed 10 documents...
  ✅ 2016-04: 339/339 chunks ingested
  ⚙️  Processing 2016-03...
    📄 Processed 10 documents...
  ✅ 2016-03: 640/640 chunks ingested
  ⚙️  Processing 2016-02...
  ✅ 2016-02: 54/54 chunks ingested
  ⚙️  Processing 2016-01...
    📄 Processed 10 documents...
  ✅ 2016-01: 280/280 chunks ingested
📅 Year 2015
  ⚙️  Processing 2015-12...
    📄 Processed 10 documents...
  ✅ 2015-12: 155/155 chunks ingested
  ⚙️  Processing 2015-11...
    📄 Processed 10 documents...
  ✅ 2015-11: 547/547 chunks ingested
  ⚙️  Processing 2015-10...
    📄 Processed 10 documents...
  ✅ 2015-10: 278/278 chunks ingested
  ⚙️  Processing 2015-09...
    📄 Processed 10 documents...
    📄 Processed 20 documents...
  ✅ 2015-09: 597/597 chunks ingested
  ⚙️  Processing 2015-08...
    📄 Processed 10 documents...
  ✅ 2015-08: 382/382 chunks ingested
  ⚙️  Processing 2015-07...
    📄 Processed 10 documents...
    📄 Processed 20 documents...
  ✅ 2015-07: 716/716 chunks ingested
  ⚙️  Processing 2015-06...
  ✅ 2015-06: 41/41 chunks ingested
  ⚙️  Processing 2015-05...
    📄 Processed 10 documents...
  ✅ 2015-05: 153/153 chunks ingested
  ⚙️  Processing 2015-04...
    📄 Processed 10 documents...
  ✅ 2015-04: 519/519 chunks ingested
  ⚙️  Processing 2015-03...
    📄 Processed 10 documents...
    📄 Processed 20 documents...
  ✅ 2015-03: 1169/1169 chunks ingested
  ⚙️  Processing 2015-02...
    📄 Processed 10 documents...
  ✅ 2015-02: 215/215 chunks ingested
  ⚙️  Processing 2015-01...
  ✅ 2015-01: 61/61 chunks ingested
📅 Year 2014
  ⚙️  Processing 2014-12...
    📄 Processed 10 documents...
    📄 Processed 20 documents...
  ✅ 2014-12: 259/259 chunks ingested
  ⚙️  Processing 2014-11...
  ✅ 2014-11: 45/45 chunks ingested
  ⚙️  Processing 2014-10...
  ✅ 2014-10: 8/8 chunks ingested
  ⚙️  Processing 2014-09...
  ✅ 2014-09: 2/2 chunks ingested
  ⚙️  Processing 2014-08...
  ✅ 2014-08: 3/3 chunks ingested
  ⚙️  Processing 2014-07...
  ✅ 2014-07: 9/9 chunks ingested
  ⚙️  Processing 2014-06...
  ✅ 2014-06: 19/19 chunks ingested
  ⚙️  Processing 2014-05...
    📄 Processed 10 documents...
    📄 Processed 20 documents...
    📄 Processed 30 documents...
  ✅ 2014-05: 82/82 chunks ingested
  ⚙️  Processing 2014-01...
  ✅ 2014-01: 2/2 chunks ingested
📅 Year 2013
  ⚙️  Processing 2013-12...
  ✅ 2013-12: 204/204 chunks ingested
  ⚙️  Processing 2013-11...
  ✅ 2013-11: 18/18 chunks ingested
  ⚙️  Processing 2013-10...
  ✅ 2013-10: 14/14 chunks ingested
  ⚙️  Processing 2013-08...
  ✅ 2013-08: 6/6 chunks ingested
  ⚙️  Processing 2013-07...
  ✅ 2013-07: 17/17 chunks ingested
  ⚙️  Processing 2013-06...
  ✅ 2013-06: 130/130 chunks ingested
  ⚙️  Processing 2013-05...
  ✅ 2013-05: 36/36 chunks ingested
  ⚙️  Processing 2013-04...
  ✅ 2013-04: 61/61 chunks ingested
  ⚙️  Processing 2013-03...
    📄 Processed 10 documents...
  ✅ 2013-03: 233/233 chunks ingested
  ⚙️  Processing 2013-02...
  ✅ 2013-02: 237/237 chunks ingested
  ⚙️  Processing 2013-01...
  ✅ 2013-01: 167/167 chunks ingested
📅 Year 2012
  ⚙️  Processing 2012-12...
  ✅ 2012-12: 11/11 chunks ingested
  ⚙️  Processing 2012-11...
  ✅ 2012-11: 67/67 chunks ingested
  ⚙️  Processing 2012-10...
  ✅ 2012-10: 15/15 chunks ingested
  ⚙️  Processing 2012-09...
  ✅ 2012-09: 2/2 chunks ingested
  ⚙️  Processing 2012-08...
  ✅ 2012-08: 9/9 chunks ingested
  ⚙️  Processing 2012-07...
  ✅ 2012-07: 13/13 chunks ingested
  ⚙️  Processing 2012-06...
  ✅ 2012-06: 32/32 chunks ingested
  ⚙️  Processing 2012-05...
  ✅ 2012-05: 92/92 chunks ingested
  ⚙️  Processing 2012-04...
    📄 Processed 10 documents...
  ✅ 2012-04: 45/45 chunks ingested
  ⚙️  Processing 2012-03...
  ✅ 2012-03: 30/30 chunks ingested
  ⚙️  Processing 2012-02...
  ✅ 2012-02: 17/17 chunks ingested
  ⚙️  Processing 2012-01...
  ✅ 2012-01: 75/75 chunks ingested
📅 Year 2011
  ⚙️  Processing 2011-11...
  ✅ 2011-11: 3/3 chunks ingested
  ⚙️  Processing 2011-07...
  ✅ 2011-07: 31/31 chunks ingested
  ⚙️  Processing 2011-06...
  ✅ 2011-06: 88/88 chunks ingested
  ⚙️  Processing 2011-05...
    📄 Processed 10 documents...
  ✅ 2011-05: 569/569 chunks ingested
  ⚙️  Processing 2011-04...
  ✅ 2011-04: 136/136 chunks ingested
  ⚙️  Processing 2011-03...
  ✅ 2011-03: 79/79 chunks ingested
  ⚙️  Processing 2011-02...
  ✅ 2011-02: 11/11 chunks ingested
  ⚙️  Processing 2011-01...
  ✅ 2011-01: 106/106 chunks ingested
📅 Year 2010
  ⚙️  Processing 2010-12...
    📄 Processed 10 documents...
  ✅ 2010-12: 1193/1193 chunks ingested
  ⚙️  Processing 2010-11...
    📄 Processed 10 documents...
    📄 Processed 20 documents...
    📄 Processed 30 documents...
    📄 Processed 40 documents...
    📄 Processed 50 documents...
    📄 Processed 60 documents...
    📄 Processed 70 documents...
    📄 Processed 80 documents...
    📄 Processed 90 documents...
    📄 Processed 100 documents...
    📄 Processed 110 documents...
    📄 Processed 120 documents...
  ✅ 2010-11: 1515/1515 chunks ingested
  ⚙️  Processing 2010-09...
  ✅ 2010-09: 62/62 chunks ingested
  ⚙️  Processing 2010-08...
  ✅ 2010-08: 30/30 chunks ingested
  ⚙️  Processing 2010-07...
  ✅ 2010-07: 145/145 chunks ingested
  ⚙️  Processing 2010-06...
  ✅ 2010-06: 56/56 chunks ingested
  ⚙️  Processing 2010-05...
  ✅ 2010-05: 15/15 chunks ingested
  ⚙️  Processing 2010-04...
  ✅ 2010-04: 21/21 chunks ingested
  ⚙️  Processing 2010-03...
  ✅ 2010-03: 2/2 chunks ingested
  ⚙️  Processing 2010-02...
  ✅ 2010-02: 109/109 chunks ingested
  ⚙️  Processing 2010-01...
  ✅ 2010-01: 13/13 chunks ingested
📅 Year 2009
  ⚙️  Processing 2009-12...
  ✅ 2009-12: 77/77 chunks ingested
  ⚙️  Processing 2009-11...
    📄 Processed 10 documents...
  ✅ 2009-11: 98/98 chunks ingested
  ⚙️  Processing 2009-09...
  ✅ 2009-09: 39/39 chunks ingested
  ⚙️  Processing 2009-08...
  ✅ 2009-08: 86/86 chunks ingested
  ⚙️  Processing 2009-07...
  ✅ 2009-07: 27/27 chunks ingested
  ⚙️  Processing 2009-06...
  ✅ 2009-06: 15/15 chunks ingested
  ⚙️  Processing 2009-05...
  ✅ 2009-05: 23/23 chunks ingested
  ⚙️  Processing 2009-04...
  ✅ 2009-04: 2/2 chunks ingested
  ⚙️  Processing 2009-03...
  ✅ 2009-03: 124/124 chunks ingested
  ⚙️  Processing 2009-02...
  ✅ 2009-02: 2/2 chunks ingested
  ⚙️  Processing 2009-01...
  ✅ 2009-01: 121/121 chunks ingested
📅 Year 2008
  ⚙️  Processing 2008-12...
  ✅ 2008-12: 29/29 chunks ingested
  ⚙️  Processing 2008-10...
  ✅ 2008-10: 13/13 chunks ingested
  ⚙️  Processing 2008-09...
  ✅ 2008-09: 36/36 chunks ingested
  ⚙️  Processing 2008-08...
  ✅ 2008-08: 8/8 chunks ingested
  ⚙️  Processing 2008-07...
    📄 Processed 10 documents...
  ✅ 2008-07: 37/37 chunks ingested
  ⚙️  Processing 2008-06...
  ✅ 2008-06: 47/47 chunks ingested
  ⚙️  Processing 2008-05...
  ✅ 2008-05: 31/31 chunks ingested
  ⚙️  Processing 2008-04...
  ✅ 2008-04: 4/4 chunks ingested
  ⚙️  Processing 2008-03...
    📄 Processed 10 documents...
    📄 Processed 20 documents...
    📄 Processed 30 documents...
  ✅ 2008-03: 1591/1591 chunks ingested
  ⚙️  Processing 2008-02...
    📄 Processed 10 documents...
    📄 Processed 20 documents...
    📄 Processed 30 documents...
    📄 Processed 40 documents...
    📄 Processed 50 documents...
    📄 Processed 60 documents...
    📄 Processed 70 documents...
    📄 Processed 80 documents...
    📄 Processed 90 documents...
    📄 Processed 100 documents...
  ✅ 2008-02: 3207/3207 chunks ingested
  ⚙️  Processing 2008-01...
    📄 Processed 10 documents...
    📄 Processed 20 documents...
    📄 Processed 30 documents...
    📄 Processed 40 documents...
    📄 Processed 50 documents...
  ✅ 2008-01: 2425/2425 chunks ingested
📅 Year 2007
  ⚙️  Processing 2007-12...
    📄 Processed 10 documents...
    📄 Processed 20 documents...
  ✅ 2007-12: 498/498 chunks ingested
  ⚙️  Processing 2007-10...
    📄 Processed 10 documents...
  ✅ 2007-10: 489/489 chunks ingested
  ⚙️  Processing 2007-09...
    📄 Processed 10 documents...
    📄 Processed 20 documents...
    📄 Processed 30 documents...
  ✅ 2007-09: 378/378 chunks ingested
  ⚙️  Processing 2007-08...
    📄 Processed 10 documents...
    📄 Processed 20 documents...
  ✅ 2007-08: 451/451 chunks ingested
  ⚙️  Processing 2007-07...
    📄 Processed 10 documents...
  ✅ 2007-07: 265/265 chunks ingested
  ⚙️  Processing 2007-06...
    📄 Processed 10 documents...
  ✅ 2007-06: 123/123 chunks ingested
  ⚙️  Processing 2007-05...
    📄 Processed 10 documents...
  ✅ 2007-05: 153/153 chunks ingested
  ⚙️  Processing 2007-04...
  ✅ 2007-04: 23/23 chunks ingested
  ⚙️  Processing 2007-03...
  ✅ 2007-03: 109/109 chunks ingested
  ⚙️  Processing 2007-02...
  ✅ 2007-02: 6/6 chunks ingested
  ⚙️  Processing 2007-01...
  ✅ 2007-01: 42/42 chunks ingested
📅 Year 2006
  ⚙️  Processing 2006-12...
  ✅ 2006-12: 8/8 chunks ingested
  ⚙️  Processing 2006-11...
  ✅ 2006-11: 2/2 chunks ingested
  ⚙️  Processing 2006-10...
  ✅ 2006-10: 45/45 chunks ingested
  ⚙️  Processing 2006-09...
  ✅ 2006-09: 30/30 chunks ingested
  ⚙️  Processing 2006-08...
  ✅ 2006-08: 38/38 chunks ingested
  ⚙️  Processing 2006-06...
  ✅ 2006-06: 14/14 chunks ingested
  ⚙️  Processing 2006-05...
  ✅ 2006-05: 57/57 chunks ingested
  ⚙️  Processing 2006-04...
  ✅ 2006-04: 4/4 chunks ingested
  ⚙️  Processing 2006-03...
  ✅ 2006-03: 44/44 chunks ingested
  ⚙️  Processing 2006-02...
  ✅ 2006-02: 20/20 chunks ingested
  ⚙️  Processing 2006-01...
  ✅ 2006-01: 39/39 chunks ingested
📅 Year 2005
  ⚙️  Processing 2005-12...
  ✅ 2005-12: 18/18 chunks ingested
  ⚙️  Processing 2005-11...
  ✅ 2005-11: 30/30 chunks ingested
  ⚙️  Processing 2005-10...
  ✅ 2005-10: 73/73 chunks ingested
  ⚙️  Processing 2005-09...
  ✅ 2005-09: 108/108 chunks ingested
  ⚙️  Processing 2005-07...
  ✅ 2005-07: 237/237 chunks ingested
  ⚙️  Processing 2005-06...
  ✅ 2005-06: 3/3 chunks ingested
  ⚙️  Processing 2005-05...
  ✅ 2005-05: 35/35 chunks ingested
  ⚙️  Processing 2005-04...
  ✅ 2005-04: 2/2 chunks ingested
  ⚙️  Processing 2005-03...
  ✅ 2005-03: 6/6 chunks ingested
  ⚙️  Processing 2005-02...
    📄 Processed 10 documents...
  ✅ 2005-02: 391/391 chunks ingested
  ⚙️  Processing 2005-01...
    📄 Processed 10 documents...
  ✅ 2005-01: 195/195 chunks ingested
📅 Year 2004
  ⚙️  Processing 2004-12...
    📄 Processed 10 documents...
    📄 Processed 20 documents...
  ✅ 2004-12: 1143/1143 chunks ingested
  ⚙️  Processing 2004-11...
    📄 Processed 10 documents...
  ✅ 2004-11: 454/454 chunks ingested
  ⚙️  Processing 2004-10...
    📄 Processed 10 documents...
  ✅ 2004-10: 365/365 chunks ingested
  ⚙️  Processing 2004-09...
  ✅ 2004-09: 37/37 chunks ingested
  ⚙️  Processing 2004-08...
  ✅ 2004-08: 15/15 chunks ingested
  ⚙️  Processing 2004-07...
  ✅ 2004-07: 26/26 chunks ingested
  ⚙️  Processing 2004-06...
    📄 Processed 10 documents...
  ✅ 2004-06: 136/136 chunks ingested
  ⚙️  Processing 2004-05...
  ✅ 2004-05: 2/2 chunks ingested
  ⚙️  Processing 2004-04...
  ✅ 2004-04: 5/5 chunks ingested
  ⚙️  Processing 2004-03...
  ✅ 2004-03: 33/33 chunks ingested
  ⚙️  Processing 2004-02...
    📄 Processed 10 documents...
  ✅ 2004-02: 528/528 chunks ingested
  ⚙️  Processing 2004-01...
  ✅ 2004-01: 85/85 chunks ingested
📅 Year 2003
  ⚙️  Processing 2003-12...
  ✅ 2003-12: 161/161 chunks ingested
  ⚙️  Processing 2003-11...
  ✅ 2003-11: 68/68 chunks ingested
  ⚙️  Processing 2003-10...
    📄 Processed 10 documents...
  ✅ 2003-10: 662/662 chunks ingested
  ⚙️  Processing 2003-09...
  ✅ 2003-09: 2/2 chunks ingested
  ⚙️  Processing 2003-08...
  ✅ 2003-08: 27/27 chunks ingested
  ⚙️  Processing 2003-07...
    📄 Processed 10 documents...
  ✅ 2003-07: 668/668 chunks ingested
  ⚙️  Processing 2003-06...
  ✅ 2003-06: 143/143 chunks ingested
  ⚙️  Processing 2003-05...
  ✅ 2003-05: 33/33 chunks ingested
  ⚙️  Processing 2003-03...
  ✅ 2003-03: 18/18 chunks ingested
  ⚙️  Processing 2003-01...
  ✅ 2003-01: 16/16 chunks ingested
📅 Year 2002
  ⚙️  Processing 2002-12...
  ✅ 2002-12: 78/78 chunks ingested
  ⚙️  Processing 2002-11...
    📄 Processed 10 documents...
  ✅ 2002-11: 336/336 chunks ingested
  ⚙️  Processing 2002-10...
    📄 Processed 10 documents...
    📄 Processed 20 documents...
    📄 Processed 30 documents...
    📄 Processed 40 documents...
  ✅ 2002-10: 2867/2867 chunks ingested
  ⚙️  Processing 2002-09...
    📄 Processed 10 documents...
  ✅ 2002-09: 255/255 chunks ingested
  ⚙️  Processing 2002-07...
  ✅ 2002-07: 8/8 chunks ingested
  ⚙️  Processing 2002-06...
  ✅ 2002-06: 24/24 chunks ingested
  ⚙️  Processing 2002-05...
  ✅ 2002-05: 193/193 chunks ingested
  ⚙️  Processing 2002-04...
    📄 Processed 10 documents...
  ✅ 2002-04: 435/435 chunks ingested
  ⚙️  Processing 2002-03...
  ✅ 2002-03: 5/5 chunks ingested
  ⚙️  Processing 2002-02...
  ✅ 2002-02: 4/4 chunks ingested
  ⚙️  Processing 2002-01...
  ✅ 2002-01: 2/2 chunks ingested
📅 Year 2001
  ⚙️  Processing 2001-12...
    📄 Processed 10 documents...
  ✅ 2001-12: 500/500 chunks ingested
  ⚙️  Processing 2001-11...
    📄 Processed 10 documents...
    📄 Processed 20 documents...
  ✅ 2001-11: 491/491 chunks ingested
  ⚙️  Processing 2001-09...
  ✅ 2001-09: 10/10 chunks ingested
  ⚙️  Processing 2001-07...
  ✅ 2001-07: 9/9 chunks ingested
  ⚙️  Processing 2001-06...
  ✅ 2001-06: 154/154 chunks ingested
  ⚙️  Processing 2001-04...
  ✅ 2001-04: 28/28 chunks ingested
  ⚙️  Processing 2001-03...
  ✅ 2001-03: 4/4 chunks ingested
  ⚙️  Processing 2001-02...
  ✅ 2001-02: 2/2 chunks ingested
📅 Year 2000
  ⚙️  Processing 2000-12...
  ✅ 2000-12: 343/343 chunks ingested
  ⚙️  Processing 2000-11...
    📄 Processed 10 documents...
    📄 Processed 20 documents...
  ✅ 2000-11: 309/309 chunks ingested
  ⚙️  Processing 2000-10...
  ✅ 2000-10: 15/15 chunks ingested
  ⚙️  Processing 2000-09...
  ✅ 2000-09: 14/14 chunks ingested
  ⚙️  Processing 2000-08...
  ✅ 2000-08: 5/5 chunks ingested
  ⚙️  Processing 2000-07...
  ✅ 2000-07: 15/15 chunks ingested
  ⚙️  Processing 2000-06...
  ✅ 2000-06: 158/158 chunks ingested
  ⚙️  Processing 2000-05...
    📄 Processed 10 documents...
    📄 Processed 20 documents...
    📄 Processed 30 documents...
  ✅ 2000-05: 1673/1673 chunks ingested
  ⚙️  Processing 2000-04...
    📄 Processed 10 documents...
  ✅ 2000-04: 302/302 chunks ingested
  ⚙️  Processing 2000-03...
    📄 Processed 10 documents...
  ✅ 2000-03: 310/310 chunks ingested
  ⚙️  Processing 2000-02...
    📄 Processed 10 documents...
  ✅ 2000-02: 324/324 chunks ingested
  ⚙️  Processing 2000-01...
  ✅ 2000-01: 2/2 chunks ingested
📅 Year 1999
  ⚙️  Processing 1999-12...
    📄 Processed 20 documents...
  ✅ 1999-12: 547/547 chunks ingested
  ⚙️  Processing 1999-11...
    📄 Processed 10 documents...
    📄 Processed 20 documents...
    📄 Processed 30 documents...
    📄 Processed 40 documents...
  ✅ 1999-11: 2469/2469 chunks ingested
  ⚙️  Processing 1999-10...
    📄 Processed 10 documents...
    📄 Processed 20 documents...
    📄 Processed 30 documents...
  ✅ 1999-10: 2211/2211 chunks ingested
  ⚙️  Processing 1999-09...
  ✅ 1999-09: 65/65 chunks ingested
  ⚙️  Processing 1999-08...
    📄 Processed 10 documents...
  ✅ 1999-08: 333/333 chunks ingested
  ⚙️  Processing 1999-07...
  ✅ 1999-07: 6/6 chunks ingested
  ⚙️  Processing 1999-05...
    📄 Processed 10 documents...
  ✅ 1999-05: 625/625 chunks ingested
  ⚙️  Processing 1999-04...
    📄 Processed 10 documents...
    📄 Processed 20 documents...
    📄 Processed 30 documents...
  ✅ 1999-04: 1529/1529 chunks ingested
  ⚙️  Processing 1999-03...
    📄 Processed 10 documents...
  ✅ 1999-03: 457/457 chunks ingested
  ⚙️  Processing 1999-02...
    📄 Processed 10 documents...
  ✅ 1999-02: 106/106 chunks ingested
  ⚙️  Processing 1999-01...
  ✅ 1999-01: 1/1 chunks ingested
📅 Year 1998
  ⚙️  Processing 1998-12...
    📄 Processed 10 documents...
  ✅ 1998-12: 160/160 chunks ingested
  ⚙️  Processing 1998-11...
  ✅ 1998-11: 73/73 chunks ingested
  ⚙️  Processing 1998-10...
  ✅ 1998-10: 25/25 chunks ingested
  ⚙️  Processing 1998-09...
  ✅ 1998-09: 236/236 chunks ingested
  ⚙️  Processing 1998-08...
    📄 Processed 10 documents...
  ✅ 1998-08: 134/134 chunks ingested
  ⚙️  Processing 1998-07...
  ✅ 1998-07: 10/10 chunks ingested
  ⚙️  Processing 1998-06...
  ✅ 1998-06: 245/245 chunks ingested
  ⚙️  Processing 1998-05...
  ✅ 1998-05: 122/122 chunks ingested
  ⚙️  Processing 1998-04...
  ✅ 1998-04: 85/85 chunks ingested
  ⚙️  Processing 1998-03...
    📄 Processed 10 documents...
  ✅ 1998-03: 503/503 chunks ingested
  ⚙️  Processing 1998-02...
    📄 Processed 10 documents...
  ✅ 1998-02: 1306/1306 chunks ingested
📅 Year 1997
  ⚙️  Processing 1997-12...
  ✅ 1997-12: 30/30 chunks ingested
  ⚙️  Processing 1997-11...
    📄 Processed 10 documents...
  ✅ 1997-11: 205/205 chunks ingested
  ⚙️  Processing 1997-10...
    📄 Processed 10 documents...
    📄 Processed 20 documents...
  ✅ 1997-10: 1217/1217 chunks ingested
  ⚙️  Processing 1997-09...
  ✅ 1997-09: 210/210 chunks ingested
  ⚙️  Processing 1997-06...
  ✅ 1997-06: 132/132 chunks ingested
  ⚙️  Processing 1997-05...
  ✅ 1997-05: 20/20 chunks ingested
  ⚙️  Processing 1997-04...
  ✅ 1997-04: 5/5 chunks ingested
  ⚙️  Processing 1997-02...
  ✅ 1997-02: 5/5 chunks ingested
📅 Year 1996
  ⚙️  Processing 1996-11...
  ✅ 1996-11: 244/244 chunks ingested
  ⚙️  Processing 1996-10...
    📄 Processed 10 documents...
  ✅ 1996-10: 222/222 chunks ingested
  ⚙️  Processing 1996-09...
    📄 Processed 10 documents...
  ✅ 1996-09: 548/548 chunks ingested
  ⚙️  Processing 1996-07...
  ✅ 1996-07: 6/6 chunks ingested
  ⚙️  Processing 1996-06...
  ✅ 1996-06: 19/19 chunks ingested
  ⚙️  Processing 1996-05...
  ✅ 1996-05: 6/6 chunks ingested
  ⚙️  Processing 1996-04...
  ✅ 1996-04: 13/13 chunks ingested
  ⚙️  Processing 1996-02...
  ✅ 1996-02: 31/31 chunks ingested
📅 Year 1995
  ⚙️  Processing 1995-12...
  ✅ 1995-12: 51/51 chunks ingested
  ⚙️  Processing 1995-11...
  ✅ 1995-11: 3/3 chunks ingested
  ⚙️  Processing 1995-10...
  ✅ 1995-10: 25/25 chunks ingested
  ⚙️  Processing 1995-05...
  ✅ 1995-05: 15/15 chunks ingested
  ⚙️  Processing 1995-03...
  ✅ 1995-03: 2/2 chunks ingested
  ⚙️  Processing 1995-02...
  ✅ 1995-02: 20/20 chunks ingested
  ⚙️  Processing 1995-01...
    📄 Processed 10 documents...
  ✅ 1995-01: 256/256 chunks ingested
📅 Year 1994
  ⚙️  Processing 1994-12...
    📄 Processed 10 documents...
    📄 Processed 20 documents...
    📄 Processed 30 documents...
  ✅ 1994-12: 1244/1244 chunks ingested
  ⚙️  Processing 1994-11...
  ✅ 1994-11: 25/25 chunks ingested
  ⚙️  Processing 1994-09...
  ✅ 1994-09: 239/239 chunks ingested
  ⚙️  Processing 1994-08...
  ✅ 1994-08: 4/4 chunks ingested
  ⚙️  Processing 1994-07...
  ✅ 1994-07: 43/43 chunks ingested
  ⚙️  Processing 1994-06...
    📄 Processed 10 documents...
  ✅ 1994-06: 346/346 chunks ingested
  ⚙️  Processing 1994-04...
  ✅ 1994-04: 47/47 chunks ingested
  ⚙️  Processing 1994-03...
  ✅ 1994-03: 2/2 chunks ingested
  ⚙️  Processing 1994-02...
  ✅ 1994-02: 145/145 chunks ingested
📅 Year 1993
  ⚙️  Processing 1993-12...
  ✅ 1993-12: 12/12 chunks ingested
  ⚙️  Processing 1993-09...
    📄 Processed 10 documents...
  ✅ 1993-09: 104/104 chunks ingested
  ⚙️  Processing 1993-07...
  ✅ 1993-07: 23/23 chunks ingested
📅 Year 1992
  ⚙️  Processing 1992-12...
  ✅ 1992-12: 5/5 chunks ingested
  ⚙️  Processing 1992-11...
  ✅ 1992-11: 21/21 chunks ingested
  ⚙️  Processing 1992-10...
  ✅ 1992-10: 5/5 chunks ingested
  ⚙️  Processing 1992-06...
  ✅ 1992-06: 1/1 chunks ingested
  ⚙️  Processing 1992-05...
  ✅ 1992-05: 4/4 chunks ingested
  ⚙️  Processing 1992-04...
    📄 Processed 10 documents...
    📄 Processed 20 documents...
    📄 Processed 30 documents...
    📄 Processed 40 documents...
    📄 Processed 50 documents...
    📄 Processed 60 documents...
    📄 Processed 70 documents...
    📄 Processed 80 documents...
    📄 Processed 90 documents...
    📄 Processed 100 documents...
    📄 Processed 110 documents...
  ✅ 1992-04: 4984/4984 chunks ingested
  ⚙️  Processing 1992-03...
    📄 Processed 10 documents...
    📄 Processed 20 documents...
  ✅ 1992-03: 1508/1508 chunks ingested
  ⚙️  Processing 1992-02...
    📄 Processed 10 documents...
    📄 Processed 20 documents...
  ✅ 1992-02: 395/395 chunks ingested
  ⚙️  Processing 1992-01...
  ✅ 1992-01: 31/31 chunks ingested
📅 Year 1991
  ⚙️  Processing 1991-12...
    📄 Processed 10 documents...
  ✅ 1991-12: 275/275 chunks ingested
  ⚙️  Processing 1991-11...
    📄 Processed 10 documents...
    📄 Processed 20 documents...
    📄 Processed 30 documents...
  ✅ 1991-11: 1227/1227 chunks ingested
  ⚙️  Processing 1991-09...
    📄 Processed 10 documents...
    📄 Processed 20 documents...
    📄 Processed 30 documents...
    📄 Processed 40 documents...
  ✅ 1991-09: 1327/1327 chunks ingested
  ⚙️  Processing 1991-08...
  ✅ 1991-08: 65/65 chunks ingested
  ⚙️  Processing 1991-07...
  ✅ 1991-07: 63/63 chunks ingested
  ⚙️  Processing 1991-06...
  ✅ 1991-06: 7/7 chunks ingested
  ⚙️  Processing 1991-05...
  ✅ 1991-05: 11/11 chunks ingested
  ⚙️  Processing 1991-04...
  ✅ 1991-04: 32/32 chunks ingested
  ⚙️  Processing 1991-02...
    📄 Processed 10 documents...
